// Jest Snapshot v1, https://goo.gl/fbAQLP

exports[`snapshot 1`] = `
<DocumentFragment>
  <div
    class="App"
  >
    <button
      class="Close"
      disabled=""
    >
      Ã—
    </button>
    <h1>
      Bell's palsy - Mattia's journey
    </h1>
    <section
      class="Playground"
    >
      <input
        class="Number"
        maxlength="1"
        placeholder="b"
        type="text"
      />
      <input
        class="Number"
        maxlength="1"
        placeholder="e"
        type="text"
      />
      <input
        class="Number"
        maxlength="1"
        placeholder="l"
        type="text"
      />
      <input
        class="Number"
        maxlength="1"
        placeholder="l"
        type="text"
      />
    </section>
    <footer>
      bell-s-palsy v0.9.0 - 2022
    </footer>
  </div>
</DocumentFragment>
`;
